Copyright 1986-2020 Xilinx, Inc. All Rights Reserved.
------------------------------------------------------------------------------------
| Tool Version : Vivado v.2020.2 (win64) Build 3064766 Wed Nov 18 09:12:45 MST 2020
| Date         : Mon Feb  2 15:53:34 2026
| Host         : DESKTOP-P70A3BJ running 64-bit major release  (build 9200)
| Command      : upgrade_ip
| Device       : xc7z020clg400-1
------------------------------------------------------------------------------------

Upgrade Log for IP 'base_pdm_microphone_0_2'

1. Summary
----------

SUCCESS in the upgrade of base_pdm_microphone_0_2 (xilinx.com:user:pdm_microphone:1.0) from (Rev. 3) to (Rev. 2)






Copyright 1986-2020 Xilinx, Inc. All Rights Reserved.
------------------------------------------------------------------------------------
| Tool Version : Vivado v.2020.2 (win64) Build 3064766 Wed Nov 18 09:12:45 MST 2020
| Date         : Sun Jan 25 11:45:52 2026
| Host         : NH running 64-bit major release  (build 9200)
| Command      : upgrade_ip
| Device       : xc7z020clg400-1
------------------------------------------------------------------------------------

Upgrade Log for IP 'base_audio_direct_0_3'

1. Summary
----------

SUCCESS in the upgrade of base_audio_direct_0_3 (xilinx.com:user:audio_direct:1.1) from (Rev. 8) to (Rev. 9)

