#-----------------------------------------------------------
# Vivado v2020.2 (64-bit)
# SW Build 3064766 on Wed Nov 18 09:12:45 MST 2020
# IP Build 3064653 on Wed Nov 18 14:17:31 MST 2020
# Start of session at: Mon Feb  2 14:51:36 2026
# Process ID: 28940
# Current directory: C:/Users/soseb/Downloads/wetransfer_labs_2026-02-02_1352/PYNQ/boards/Pynq-Z1/base/myproj
# Command line: vivado.exe -gui_launcher_event rodinguilauncherevent24656 C:\Users\soseb\Downloads\wetransfer_labs_2026-02-02_1352\PYNQ\boards\Pynq-Z1\base\myproj\project_1.xpr
# Log file: C:/Users/soseb/Downloads/wetransfer_labs_2026-02-02_1352/PYNQ/boards/Pynq-Z1/base/myproj/vivado.log
# Journal file: C:/Users/soseb/Downloads/wetransfer_labs_2026-02-02_1352/PYNQ/boards/Pynq-Z1/base/myproj\vivado.jou
#-----------------------------------------------------------
start_gui
open_project C:/Users/soseb/Downloads/wetransfer_labs_2026-02-02_1352/PYNQ/boards/Pynq-Z1/base/myproj/project_1.xpr
INFO: [ProjectBase 1-489] The host OS only allows 260 characters in a normal path. The project is stored in a path with more than 80 characters. If you experience issues with IP, Block Designs, or files not being found, please consider moving the project to a location with a shorter path. Alternately consider using the OS subst command to map part of the path to a drive letter.
Current project path is 'C:/Users/soseb/Downloads/wetransfer_labs_2026-02-02_1352/PYNQ/boards/Pynq-Z1/base/myproj'
INFO: [Project 1-313] Project file moved from 'C:/Xilinx/PYNQ/boards/Pynq-Z1/base/myproj' since last save.
Scanning sources...
Finished scanning sources
INFO: [IP_Flow 19-234] Refreshing IP repositories
INFO: [IP_Flow 19-1700] Loaded user IP repository 'c:/Users/soseb/Downloads/wetransfer_labs_2026-02-02_1352/labs/lab2b'.
INFO: [IP_Flow 19-1700] Loaded user IP repository 'c:/Users/soseb/Downloads/wetransfer_labs_2026-02-02_1352/PYNQ/boards'.
WARNING: [IP_Flow 19-3656] If you move the project, the path for repository 'c:/Users/soseb/Downloads/wetransfer_labs_2026-02-02_1352/PYNQ/boards' may become invalid. A better location for the repository would be in a path adjacent to the project. (Current project location is 'c:/Users/soseb/Downloads/wetransfer_labs_2026-02-02_1352/PYNQ/boards/Pynq-Z1/base/myproj'.)
INFO: [IP_Flow 19-2313] Loaded Vivado IP repository 'C:/Xilinx/Vivado/2020.2/data/ip'.
WARNING: [BD 41-1661] One or more IPs have been locked in the design 'base.bd'. Please run report_ip_status for more details and recommendations on how to fix this issue.
List of locked IPs:
base_pdm_microphone_0_2

open_project: Time (s): cpu = 00:00:27 ; elapsed = 00:00:15 . Memory (MB): peak = 1004.301 ; gain = 0.000
update_compile_order -fileset sources_1
open_bd_design {C:/Users/soseb/Downloads/wetransfer_labs_2026-02-02_1352/PYNQ/boards/Pynq-Z1/base/myproj/project_1.srcs/sources_1/bd/base/base.bd}
Reading block design file <C:/Users/soseb/Downloads/wetransfer_labs_2026-02-02_1352/PYNQ/boards/Pynq-Z1/base/myproj/project_1.srcs/sources_1/bd/base/base.bd>...
Adding component instance block -- xilinx.com:ip:xlslice:1.0 - audio_path_sel
Adding component instance block -- xilinx.com:ip:processing_system7:5.5 - ps7_0
Adding component instance block -- xilinx.com:ip:axi_interconnect:2.1 - ps7_0_axi_periph
Adding component instance block -- xilinx.com:ip:axi_crossbar:2.1 - xbar
Adding component instance block -- xilinx.com:ip:axi_protocol_converter:2.1 - auto_pc
Adding component instance block -- xilinx.com:ip:axi_clock_converter:2.1 - auto_cc
Adding component instance block -- xilinx.com:ip:axi_protocol_converter:2.1 - auto_pc
Adding component instance block -- xilinx.com:ip:axi_mmu:2.1 - s00_mmu
Adding component instance block -- xilinx.com:ip:axi_mmu:2.1 - s01_mmu
Adding component instance block -- xilinx.com:ip:proc_sys_reset:5.0 - rst_ps7_0_100M
Adding component instance block -- xilinx.com:ip:proc_sys_reset:5.0 - rst_ps7_0_100M_1
Adding component instance block -- xilinx.com:ip:ila:6.2 - ila_0
INFO: [xilinx.com:ip:ila:6.2-6] /ila_0: Xilinx recommends using the System ILA IP in IP Integrator. The System ILA IP is functionally equivalent to an ILA and offers additional benefits in debugging interfaces both within IP Integrator and the Hardware Manager. Consult the Programming and Debug User Guide UG908 for further details.
Adding component instance block -- xilinx.com:user:pdm_microphone:1.0 - pdm_microphone_0
Adding component instance block -- xilinx.com:user:audio_direct:1.1 - audio_direct_0
Successfully read diagram <base> from block design file <C:/Users/soseb/Downloads/wetransfer_labs_2026-02-02_1352/PYNQ/boards/Pynq-Z1/base/myproj/project_1.srcs/sources_1/bd/base/base.bd>
open_bd_design: Time (s): cpu = 00:00:14 ; elapsed = 00:00:06 . Memory (MB): peak = 1004.301 ; gain = 0.000
startgroup
create_bd_cell -type ip -vlnv xilinx.com:ip:axi_gpio:2.0 axi_gpio_0
endgroup
delete_bd_objs [get_bd_cells axi_gpio_0]
create_bd_cell -type ip -vlnv xilinx.com:ip:axi_gpio:2.0 axi_gpio_0
delete_bd_objs [get_bd_cells axi_gpio_0]
startgroup
create_bd_cell -type ip -vlnv xilinx.com:ip:axi_gpio:2.0 axi_gpio_0
endgroup
set_property -dict [list CONFIG.C_GPIO_WIDTH {4} CONFIG.C_ALL_INPUTS {1}] [get_bd_cells axi_gpio_0]
startgroup
apply_bd_automation -rule xilinx.com:bd_rule:board -config { Manual_Source {Auto}}  [get_bd_intf_pins axi_gpio_0/GPIO]
INFO: [BoardRule 102-8] create_bd_intf_port -mode Master -vlnv xilinx.com:interface:gpio_rtl:1.0 gpio_rtl_0
INFO: [BoardRule 102-9] connect_bd_intf_net /gpio_rtl_0 /axi_gpio_0/GPIO
apply_bd_automation -rule xilinx.com:bd_rule:axi4 -config { Clk_master {/ps7_0/FCLK_CLK0 (50 MHz)} Clk_slave {Auto} Clk_xbar {/ps7_0/FCLK_CLK0 (50 MHz)} Master {/ps7_0/M_AXI_GP0} Slave {/axi_gpio_0/S_AXI} ddr_seg {Auto} intc_ip {/ps7_0_axi_periph} master_apm {0}}  [get_bd_intf_pins axi_gpio_0/S_AXI]
Slave segment '/axi_gpio_0/S_AXI/Reg' is being assigned into address space '/ps7_0/Data' at <0x4120_0000 [ 64K ]>.
endgroup
delete_bd_objs [get_bd_intf_nets axi_gpio_0_GPIO] [get_bd_intf_ports gpio_rtl_0]
startgroup
make_bd_intf_pins_external  [get_bd_intf_pins axi_gpio_0/GPIO]
endgroup
set_property name btns_4bits [get_bd_intf_ports GPIO_0]
validate_bd_design
ERROR: [BD 5-336] This command cannot be run, as the BD-design is locked. Locked reason(s):
* Block design contains locked IPs. Please run report_ip_status for more details and recommendations on how to fix this issue. 
List of locked IPs: 
base_pdm_microphone_0_2

ERROR: [Common 17-39] 'validate_bd_design' failed due to earlier errors.
validate_bd_design
ERROR: [BD 5-336] This command cannot be run, as the BD-design is locked. Locked reason(s):
* Block design contains locked IPs. Please run report_ip_status for more details and recommendations on how to fix this issue. 
List of locked IPs: 
base_pdm_microphone_0_2

ERROR: [Common 17-39] 'validate_bd_design' failed due to earlier errors.
report_ip_status -name ip_status 
upgrade_ip -vlnv xilinx.com:user:pdm_microphone:1.0 [get_ips  base_pdm_microphone_0_2] -log ip_upgrade.log
Upgrading 'C:/Users/soseb/Downloads/wetransfer_labs_2026-02-02_1352/PYNQ/boards/Pynq-Z1/base/myproj/project_1.srcs/sources_1/bd/base/base.bd'
INFO: [IP_Flow 19-3422] Upgraded base_pdm_microphone_0_2 (pdm_microphone_v1_0 1.0) from revision 3 to revision 2
Wrote  : <C:\Users\soseb\Downloads\wetransfer_labs_2026-02-02_1352\PYNQ\boards\Pynq-Z1\base\myproj\project_1.srcs\sources_1\bd\base\base.bd> 
Wrote  : <C:/Users/soseb/Downloads/wetransfer_labs_2026-02-02_1352/PYNQ/boards/Pynq-Z1/base/myproj/project_1.srcs/sources_1/bd/base/ui/bd_520828f1.ui> 
INFO: [Coretcl 2-1525] Wrote upgrade log to 'C:/Users/soseb/Downloads/wetransfer_labs_2026-02-02_1352/PYNQ/boards/Pynq-Z1/base/myproj/ip_upgrade.log'.
export_ip_user_files -of_objects [get_ips base_pdm_microphone_0_2] -no_script -sync -force -quiet
generate_target all [get_files  C:/Users/soseb/Downloads/wetransfer_labs_2026-02-02_1352/PYNQ/boards/Pynq-Z1/base/myproj/project_1.srcs/sources_1/bd/base/base.bd]
WARNING: [BD 41-927] Following properties on pin /pdm_microphone_0/clk have been updated from connected ip, but BD cell '/pdm_microphone_0' does not accept parameter changes, so they may not be synchronized with cell properties:
	FREQ_HZ = 50000000 
Please resolve any mismatches by directly setting properties on BD cell </pdm_microphone_0> to completely resolve these warnings.
CRITICAL WARNING: [BD 41-759] The input pins (listed below) are either not connected or do not have a source port, and they don't have a tie-off specified. These pins are tied-off to all 0's to avoid error in Implementation flow.
Please check your design and connect them as needed: 
/pdm_microphone_0/rst

Wrote  : <C:\Users\soseb\Downloads\wetransfer_labs_2026-02-02_1352\PYNQ\boards\Pynq-Z1\base\myproj\project_1.srcs\sources_1\bd\base\base.bd> 
VHDL Output written to : c:/Users/soseb/Downloads/wetransfer_labs_2026-02-02_1352/PYNQ/boards/Pynq-Z1/base/myproj/project_1.gen/sources_1/bd/base/synth/base.v
VHDL Output written to : c:/Users/soseb/Downloads/wetransfer_labs_2026-02-02_1352/PYNQ/boards/Pynq-Z1/base/myproj/project_1.gen/sources_1/bd/base/sim/base.v
VHDL Output written to : c:/Users/soseb/Downloads/wetransfer_labs_2026-02-02_1352/PYNQ/boards/Pynq-Z1/base/myproj/project_1.gen/sources_1/bd/base/hdl/base_wrapper.v
INFO: [BD 41-1029] Generation completed for the IP Integrator block ps7_0_axi_periph/xbar .
INFO: [BD 41-1029] Generation completed for the IP Integrator block pdm_microphone_0 .
INFO: [BD 41-1029] Generation completed for the IP Integrator block axi_gpio_0 .
WARNING: [IP_Flow 19-4994] Overwriting existing constraint file 'c:/Users/soseb/Downloads/wetransfer_labs_2026-02-02_1352/PYNQ/boards/Pynq-Z1/base/myproj/project_1.gen/sources_1/bd/base/ip/base_auto_pc_0/base_auto_pc_0_ooc.xdc'
INFO: [BD 41-1029] Generation completed for the IP Integrator block ps7_0_axi_periph/s00_couplers/auto_pc .
WARNING: [IP_Flow 19-4994] Overwriting existing constraint file 'c:/Users/soseb/Downloads/wetransfer_labs_2026-02-02_1352/PYNQ/boards/Pynq-Z1/base/myproj/project_1.gen/sources_1/bd/base/ip/base_auto_cc_0/base_auto_cc_0_ooc.xdc'
WARNING: [IP_Flow 19-5611] Unable to find an associated reset port for the interface 'S_AXI'. A default connection has been created.
WARNING: [IP_Flow 19-5611] Unable to find an associated reset port for the interface 'M_AXI'. A default connection has been created.
INFO: [BD 41-1029] Generation completed for the IP Integrator block ps7_0_axi_periph/s01_couplers/auto_cc .
WARNING: [IP_Flow 19-4994] Overwriting existing constraint file 'c:/Users/soseb/Downloads/wetransfer_labs_2026-02-02_1352/PYNQ/boards/Pynq-Z1/base/myproj/project_1.gen/sources_1/bd/base/ip/base_auto_pc_1/base_auto_pc_1_ooc.xdc'
INFO: [BD 41-1029] Generation completed for the IP Integrator block ps7_0_axi_periph/s01_couplers/auto_pc .
INFO: [BD 41-1029] Generation completed for the IP Integrator block ps7_0_axi_periph/s00_mmu .
INFO: [BD 41-1029] Generation completed for the IP Integrator block ps7_0_axi_periph/s01_mmu .
Exporting to file c:/Users/soseb/Downloads/wetransfer_labs_2026-02-02_1352/PYNQ/boards/Pynq-Z1/base/myproj/project_1.gen/sources_1/bd/base/hw_handoff/base.hwh
Generated Block Design Tcl file c:/Users/soseb/Downloads/wetransfer_labs_2026-02-02_1352/PYNQ/boards/Pynq-Z1/base/myproj/project_1.gen/sources_1/bd/base/hw_handoff/base_bd.tcl
Generated Hardware Definition File c:/Users/soseb/Downloads/wetransfer_labs_2026-02-02_1352/PYNQ/boards/Pynq-Z1/base/myproj/project_1.gen/sources_1/bd/base/synth/base.hwdef
generate_target: Time (s): cpu = 00:00:20 ; elapsed = 00:00:35 . Memory (MB): peak = 1311.301 ; gain = 188.898
catch { config_ip_cache -export [get_ips -all base_xbar_0] }
catch { config_ip_cache -export [get_ips -all base_pdm_microphone_0_2] }
catch { config_ip_cache -export [get_ips -all base_axi_gpio_0_2] }
catch { config_ip_cache -export [get_ips -all base_auto_pc_0] }
INFO: [IP_Flow 19-4993] Using cached IP synthesis design for IP base_auto_pc_0, cache-ID = 5da1537263ab883b; cache size = 36.152 MB.
catch { config_ip_cache -export [get_ips -all base_auto_cc_0] }
INFO: [IP_Flow 19-4993] Using cached IP synthesis design for IP base_auto_cc_0, cache-ID = 600adb729c462224; cache size = 36.152 MB.
catch { config_ip_cache -export [get_ips -all base_auto_pc_1] }
INFO: [IP_Flow 19-4993] Using cached IP synthesis design for IP base_auto_pc_1, cache-ID = 5da1537263ab883b; cache size = 36.152 MB.
catch { config_ip_cache -export [get_ips -all base_s00_mmu_0] }
catch { config_ip_cache -export [get_ips -all base_s01_mmu_0] }
export_ip_user_files -of_objects [get_files C:/Users/soseb/Downloads/wetransfer_labs_2026-02-02_1352/PYNQ/boards/Pynq-Z1/base/myproj/project_1.srcs/sources_1/bd/base/base.bd] -no_script -sync -force -quiet
create_ip_run [get_files -of_objects [get_fileset sources_1] C:/Users/soseb/Downloads/wetransfer_labs_2026-02-02_1352/PYNQ/boards/Pynq-Z1/base/myproj/project_1.srcs/sources_1/bd/base/base.bd]
launch_runs base_xbar_0_synth_1 base_pdm_microphone_0_2_synth_1 base_axi_gpio_0_2_synth_1 base_s00_mmu_0_synth_1 base_s01_mmu_0_synth_1 -jobs 6
[Mon Feb  2 15:54:30 2026] Launched base_xbar_0_synth_1, base_pdm_microphone_0_2_synth_1, base_axi_gpio_0_2_synth_1, base_s00_mmu_0_synth_1, base_s01_mmu_0_synth_1...
Run output will be captured here:
base_xbar_0_synth_1: C:/Users/soseb/Downloads/wetransfer_labs_2026-02-02_1352/PYNQ/boards/Pynq-Z1/base/myproj/project_1.runs/base_xbar_0_synth_1/runme.log
base_pdm_microphone_0_2_synth_1: C:/Users/soseb/Downloads/wetransfer_labs_2026-02-02_1352/PYNQ/boards/Pynq-Z1/base/myproj/project_1.runs/base_pdm_microphone_0_2_synth_1/runme.log
base_axi_gpio_0_2_synth_1: C:/Users/soseb/Downloads/wetransfer_labs_2026-02-02_1352/PYNQ/boards/Pynq-Z1/base/myproj/project_1.runs/base_axi_gpio_0_2_synth_1/runme.log
base_s00_mmu_0_synth_1: C:/Users/soseb/Downloads/wetransfer_labs_2026-02-02_1352/PYNQ/boards/Pynq-Z1/base/myproj/project_1.runs/base_s00_mmu_0_synth_1/runme.log
base_s01_mmu_0_synth_1: C:/Users/soseb/Downloads/wetransfer_labs_2026-02-02_1352/PYNQ/boards/Pynq-Z1/base/myproj/project_1.runs/base_s01_mmu_0_synth_1/runme.log
export_simulation -of_objects [get_files C:/Users/soseb/Downloads/wetransfer_labs_2026-02-02_1352/PYNQ/boards/Pynq-Z1/base/myproj/project_1.srcs/sources_1/bd/base/base.bd] -directory C:/Users/soseb/Downloads/wetransfer_labs_2026-02-02_1352/PYNQ/boards/Pynq-Z1/base/myproj/project_1.ip_user_files/sim_scripts -ip_user_files_dir C:/Users/soseb/Downloads/wetransfer_labs_2026-02-02_1352/PYNQ/boards/Pynq-Z1/base/myproj/project_1.ip_user_files -ipstatic_source_dir C:/Users/soseb/Downloads/wetransfer_labs_2026-02-02_1352/PYNQ/boards/Pynq-Z1/base/myproj/project_1.ip_user_files/ipstatic -lib_map_path [list {modelsim=C:/Users/soseb/Downloads/wetransfer_labs_2026-02-02_1352/PYNQ/boards/Pynq-Z1/base/myproj/project_1.cache/compile_simlib/modelsim} {questa=C:/Users/soseb/Downloads/wetransfer_labs_2026-02-02_1352/PYNQ/boards/Pynq-Z1/base/myproj/project_1.cache/compile_simlib/questa} {riviera=C:/Users/soseb/Downloads/wetransfer_labs_2026-02-02_1352/PYNQ/boards/Pynq-Z1/base/myproj/project_1.cache/compile_simlib/riviera} {activehdl=C:/Users/soseb/Downloads/wetransfer_labs_2026-02-02_1352/PYNQ/boards/Pynq-Z1/base/myproj/project_1.cache/compile_simlib/activehdl}] -use_ip_compiled_libs -force -quiet
connect_bd_net [get_bd_pins rst_ps7_0_100M/peripheral_reset] [get_bd_pins pdm_microphone_0/rst]
validate_bd_design
WARNING: [BD 41-927] Following properties on pin /pdm_microphone_0/clk have been updated from connected ip, but BD cell '/pdm_microphone_0' does not accept parameter changes, so they may not be synchronized with cell properties:
	FREQ_HZ = 50000000 
Please resolve any mismatches by directly setting properties on BD cell </pdm_microphone_0> to completely resolve these warnings.
WARNING: [BD 41-927] Following properties on pin /pdm_microphone_0/rst have been updated from connected ip, but BD cell '/pdm_microphone_0' does not accept parameter changes, so they may not be synchronized with cell properties:
	POLARITY = ACTIVE_HIGH 
Please resolve any mismatches by directly setting properties on BD cell </pdm_microphone_0> to completely resolve these warnings.
validate_bd_design: Time (s): cpu = 00:00:28 ; elapsed = 00:00:37 . Memory (MB): peak = 1348.203 ; gain = 6.707
save_bd_design
Wrote  : <C:\Users\soseb\Downloads\wetransfer_labs_2026-02-02_1352\PYNQ\boards\Pynq-Z1\base\myproj\project_1.srcs\sources_1\bd\base\base.bd> 
Wrote  : <C:/Users/soseb/Downloads/wetransfer_labs_2026-02-02_1352/PYNQ/boards/Pynq-Z1/base/myproj/project_1.srcs/sources_1/bd/base/ui/bd_520828f1.ui> 
reset_run synth_1
launch_runs impl_1 -to_step write_bitstream -jobs 6 -scripts_only
INFO: [BD 41-1662] The design 'base.bd' is already validated. Therefore parameter propagation will not be re-run.
VHDL Output written to : c:/Users/soseb/Downloads/wetransfer_labs_2026-02-02_1352/PYNQ/boards/Pynq-Z1/base/myproj/project_1.gen/sources_1/bd/base/synth/base.v
VHDL Output written to : c:/Users/soseb/Downloads/wetransfer_labs_2026-02-02_1352/PYNQ/boards/Pynq-Z1/base/myproj/project_1.gen/sources_1/bd/base/sim/base.v
VHDL Output written to : c:/Users/soseb/Downloads/wetransfer_labs_2026-02-02_1352/PYNQ/boards/Pynq-Z1/base/myproj/project_1.gen/sources_1/bd/base/hdl/base_wrapper.v
WARNING: [IP_Flow 19-4994] Overwriting existing constraint file 'c:/Users/soseb/Downloads/wetransfer_labs_2026-02-02_1352/PYNQ/boards/Pynq-Z1/base/myproj/project_1.gen/sources_1/bd/base/ip/base_auto_pc_0/base_auto_pc_0_ooc.xdc'
INFO: [BD 41-1029] Generation completed for the IP Integrator block ps7_0_axi_periph/s00_couplers/auto_pc .
WARNING: [IP_Flow 19-4994] Overwriting existing constraint file 'c:/Users/soseb/Downloads/wetransfer_labs_2026-02-02_1352/PYNQ/boards/Pynq-Z1/base/myproj/project_1.gen/sources_1/bd/base/ip/base_auto_cc_0/base_auto_cc_0_ooc.xdc'
WARNING: [IP_Flow 19-5611] Unable to find an associated reset port for the interface 'S_AXI'. A default connection has been created.
WARNING: [IP_Flow 19-5611] Unable to find an associated reset port for the interface 'M_AXI'. A default connection has been created.
INFO: [BD 41-1029] Generation completed for the IP Integrator block ps7_0_axi_periph/s01_couplers/auto_cc .
WARNING: [IP_Flow 19-4994] Overwriting existing constraint file 'c:/Users/soseb/Downloads/wetransfer_labs_2026-02-02_1352/PYNQ/boards/Pynq-Z1/base/myproj/project_1.gen/sources_1/bd/base/ip/base_auto_pc_1/base_auto_pc_1_ooc.xdc'
INFO: [BD 41-1029] Generation completed for the IP Integrator block ps7_0_axi_periph/s01_couplers/auto_pc .
INFO: [BD 41-1029] Generation completed for the IP Integrator block ps7_0_axi_periph/s00_mmu .
INFO: [BD 41-1029] Generation completed for the IP Integrator block ps7_0_axi_periph/s01_mmu .
Exporting to file c:/Users/soseb/Downloads/wetransfer_labs_2026-02-02_1352/PYNQ/boards/Pynq-Z1/base/myproj/project_1.gen/sources_1/bd/base/hw_handoff/base.hwh
Generated Block Design Tcl file c:/Users/soseb/Downloads/wetransfer_labs_2026-02-02_1352/PYNQ/boards/Pynq-Z1/base/myproj/project_1.gen/sources_1/bd/base/hw_handoff/base_bd.tcl
Generated Hardware Definition File c:/Users/soseb/Downloads/wetransfer_labs_2026-02-02_1352/PYNQ/boards/Pynq-Z1/base/myproj/project_1.gen/sources_1/bd/base/synth/base.hwdef
INFO: [IP_Flow 19-7066] Running IP cache check for IP base_auto_cc_0
INFO: [IP_Flow 19-7066] Running IP cache check for IP base_auto_pc_0
INFO: [IP_Flow 19-7066] Running IP cache check for IP base_auto_pc_1
INFO: [IP_Flow 19-7066] Running IP cache check for IP base_s00_mmu_0
INFO: [IP_Flow 19-7066] Running IP cache check for IP base_s01_mmu_0
INFO: [IP_Flow 19-4993] Using cached IP synthesis design for IP base_auto_cc_0, cache-ID = 600adb729c462224; cache size = 37.833 MB.
INFO: [IP_Flow 19-4993] Using cached IP synthesis design for IP base_auto_pc_0, cache-ID = 5da1537263ab883b; cache size = 37.833 MB.
INFO: [IP_Flow 19-4993] Using cached IP synthesis design for IP base_auto_pc_1, cache-ID = 5da1537263ab883b; cache size = 37.833 MB.
config_ip_cache: Time (s): cpu = 00:00:02 ; elapsed = 00:00:07 . Memory (MB): peak = 1358.902 ; gain = 0.000
launch_runs: Time (s): cpu = 00:00:07 ; elapsed = 00:00:16 . Memory (MB): peak = 1358.902 ; gain = 0.000
write_bd_tcl -force C:/Users/soseb/Downloads/wetransfer_labs_2026-02-02_1352/PYNQ/boards/Pynq-Z1/base/myproj/base.tcl
INFO: [BD 5-148] Tcl file written out <C:/Users/soseb/Downloads/wetransfer_labs_2026-02-02_1352/PYNQ/boards/Pynq-Z1/base/myproj/base.tcl>.

reset_run synth_1
launch_runs impl_1 -to_step write_bitstream -jobs 6
INFO: [IP_Flow 19-7066] Running IP cache check for IP base_s00_mmu_0
INFO: [IP_Flow 19-7066] Running IP cache check for IP base_s01_mmu_0
[Mon Feb  2 16:07:12 2026] Launched base_s01_mmu_0_synth_1, base_s00_mmu_0_synth_1, synth_1...
Run output will be captured here:
base_s01_mmu_0_synth_1: C:/Users/soseb/Downloads/wetransfer_labs_2026-02-02_1352/PYNQ/boards/Pynq-Z1/base/myproj/project_1.runs/base_s01_mmu_0_synth_1/runme.log
base_s00_mmu_0_synth_1: C:/Users/soseb/Downloads/wetransfer_labs_2026-02-02_1352/PYNQ/boards/Pynq-Z1/base/myproj/project_1.runs/base_s00_mmu_0_synth_1/runme.log
synth_1: C:/Users/soseb/Downloads/wetransfer_labs_2026-02-02_1352/PYNQ/boards/Pynq-Z1/base/myproj/project_1.runs/synth_1/runme.log
[Mon Feb  2 16:07:12 2026] Launched impl_1...
Run output will be captured here: C:/Users/soseb/Downloads/wetransfer_labs_2026-02-02_1352/PYNQ/boards/Pynq-Z1/base/myproj/project_1.runs/impl_1/runme.log
reset_run synth_1
reset_run base_s01_mmu_0_synth_1
WARNING: [Vivado 12-1017] Problems encountered:
1. Failed to delete one or more files in run directory C:/Users/soseb/Downloads/wetransfer_labs_2026-02-02_1352/PYNQ/boards/Pynq-Z1/base/myproj/project_1.runs/base_s01_mmu_0_synth_1

reset_run base_s00_mmu_0_synth_1
WARNING: [Vivado 12-1017] Problems encountered:
1. Failed to delete one or more files in run directory C:/Users/soseb/Downloads/wetransfer_labs_2026-02-02_1352/PYNQ/boards/Pynq-Z1/base/myproj/project_1.runs/base_s00_mmu_0_synth_1

launch_runs impl_1 -to_step write_bitstream -jobs 8
INFO: [IP_Flow 19-7066] Running IP cache check for IP base_s00_mmu_0
INFO: [IP_Flow 19-7066] Running IP cache check for IP base_s01_mmu_0
[Mon Feb  2 16:07:41 2026] Launched base_s01_mmu_0_synth_1, base_s00_mmu_0_synth_1, synth_1...
Run output will be captured here:
base_s01_mmu_0_synth_1: C:/Users/soseb/Downloads/wetransfer_labs_2026-02-02_1352/PYNQ/boards/Pynq-Z1/base/myproj/project_1.runs/base_s01_mmu_0_synth_1/runme.log
base_s00_mmu_0_synth_1: C:/Users/soseb/Downloads/wetransfer_labs_2026-02-02_1352/PYNQ/boards/Pynq-Z1/base/myproj/project_1.runs/base_s00_mmu_0_synth_1/runme.log
synth_1: C:/Users/soseb/Downloads/wetransfer_labs_2026-02-02_1352/PYNQ/boards/Pynq-Z1/base/myproj/project_1.runs/synth_1/runme.log
[Mon Feb  2 16:07:41 2026] Launched impl_1...
Run output will be captured here: C:/Users/soseb/Downloads/wetransfer_labs_2026-02-02_1352/PYNQ/boards/Pynq-Z1/base/myproj/project_1.runs/impl_1/runme.log
exit
INFO: [Common 17-206] Exiting Vivado at Mon Feb  2 17:09:19 2026...
