
*** Running vivado
    with args -log base_pdm_microphone_0_2.vds -m64 -product Vivado -mode batch -messageDb vivado.pb -notrace -source base_pdm_microphone_0_2.tcl



****** Vivado v2020.2 (64-bit)
  **** SW Build 3064766 on Wed Nov 18 09:12:45 MST 2020
  **** IP Build 3064653 on Wed Nov 18 14:17:31 MST 2020
    ** Copyright 1986-2020 Xilinx, Inc. All Rights Reserved.

source base_pdm_microphone_0_2.tcl -notrace
INFO: [IP_Flow 19-234] Refreshing IP repositories
INFO: [IP_Flow 19-1700] Loaded user IP repository 'c:/Users/soseb/Downloads/wetransfer_labs_2026-02-02_1352/labs/lab2b'.
INFO: [IP_Flow 19-1700] Loaded user IP repository 'c:/Users/soseb/Downloads/wetransfer_labs_2026-02-02_1352/PYNQ/boards'.
WARNING: [IP_Flow 19-3656] If you move the project, the path for repository 'c:/Users/soseb/Downloads/wetransfer_labs_2026-02-02_1352/PYNQ/boards' may become invalid. A better location for the repository would be in a path adjacent to the project. (Current project location is 'c:/Users/soseb/Downloads/wetransfer_labs_2026-02-02_1352/PYNQ/boards/Pynq-Z1/base/myproj/project_1.runs/base_pdm_microphone_0_2_synth_1'.)
INFO: [IP_Flow 19-2313] Loaded Vivado IP repository 'C:/Xilinx/Vivado/2020.2/data/ip'.
update_ip_catalog: Time (s): cpu = 00:00:02 ; elapsed = 00:00:21 . Memory (MB): peak = 1002.801 ; gain = 0.000
WARNING: [IP_Flow 19-4995] The host OS only allows 260 characters in a normal path. The IP cache path is more than 80 characters. If you experience issues with IP caching, please consider changing the IP cache to a location with a shorter path. Alternately consider using the OS subst command to map part of the path to a drive letter. 
Current IP cache path is c:/Users/soseb/Downloads/wetransfer_labs_2026-02-02_1352/PYNQ/boards/Pynq-Z1/base/myproj/project_1.cache/ip 
Command: synth_design -top base_pdm_microphone_0_2 -part xc7z020clg400-1 -mode out_of_context
Starting synth_design
Attempting to get a license for feature 'Synthesis' and/or device 'xc7z020'
INFO: [Common 17-349] Got license for feature 'Synthesis' and/or device 'xc7z020'
INFO: [Device 21-403] Loading part xc7z020clg400-1
INFO: [Synth 8-7079] Multithreading enabled for synth_design using a maximum of 2 processes.
INFO: [Synth 8-7078] Launching helper process for spawning children vivado processes
INFO: [Synth 8-7075] Helper process launched with PID 28872
---------------------------------------------------------------------------------
Starting RTL Elaboration : Time (s): cpu = 00:00:13 ; elapsed = 00:00:22 . Memory (MB): peak = 1002.801 ; gain = 0.000
---------------------------------------------------------------------------------
INFO: [Synth 8-6157] synthesizing module 'base_pdm_microphone_0_2' [c:/Users/soseb/Downloads/wetransfer_labs_2026-02-02_1352/PYNQ/boards/Pynq-Z1/base/myproj/project_1.gen/sources_1/bd/base/ip/base_pdm_microphone_0_2/synth/base_pdm_microphone_0_2.v:58]
INFO: [Synth 8-6157] synthesizing module 'pdm_microphone' [c:/Users/soseb/Downloads/wetransfer_labs_2026-02-02_1352/PYNQ/boards/Pynq-Z1/base/myproj/project_1.gen/sources_1/bd/base/ipshared/cf25/imports/Downloads/pdm_mic.v:3]
	Parameter INPUT_FREQ bound to: 50000000 - type: integer 
	Parameter PDM_FREQ bound to: 2400000 - type: integer 
INFO: [Synth 8-6157] synthesizing module 'pdm_clk_gen' [c:/Users/soseb/Downloads/wetransfer_labs_2026-02-02_1352/PYNQ/boards/Pynq-Z1/base/myproj/project_1.gen/sources_1/bd/base/ipshared/cf25/new/pdm_clk_gen.v:3]
	Parameter INPUT_FREQ bound to: 50000000 - type: integer 
	Parameter OUTPUT_FREQ bound to: 2400000 - type: integer 
	Parameter CLK_DIVIDE bound to: 20 - type: integer 
INFO: [Synth 8-6155] done synthesizing module 'pdm_clk_gen' (1#1) [c:/Users/soseb/Downloads/wetransfer_labs_2026-02-02_1352/PYNQ/boards/Pynq-Z1/base/myproj/project_1.gen/sources_1/bd/base/ipshared/cf25/new/pdm_clk_gen.v:3]
INFO: [Synth 8-638] synthesizing module 'cic_compiler_0' [c:/Users/soseb/Downloads/wetransfer_labs_2026-02-02_1352/PYNQ/boards/Pynq-Z1/base/myproj/project_1.gen/sources_1/bd/base/ip/base_pdm_microphone_0_2/ip/cic_compiler_0/synth/cic_compiler_0.vhd:70]
	Parameter C_COMPONENT_NAME bound to: cic_compiler_0 - type: string 
	Parameter C_FILTER_TYPE bound to: 1 - type: integer 
	Parameter C_NUM_STAGES bound to: 5 - type: integer 
	Parameter C_DIFF_DELAY bound to: 1 - type: integer 
	Parameter C_RATE bound to: 64 - type: integer 
	Parameter C_INPUT_WIDTH bound to: 2 - type: integer 
	Parameter C_OUTPUT_WIDTH bound to: 32 - type: integer 
	Parameter C_USE_DSP bound to: 1 - type: integer 
	Parameter C_HAS_ROUNDING bound to: 0 - type: integer 
	Parameter C_NUM_CHANNELS bound to: 1 - type: integer 
	Parameter C_RATE_TYPE bound to: 0 - type: integer 
	Parameter C_MIN_RATE bound to: 64 - type: integer 
	Parameter C_MAX_RATE bound to: 64 - type: integer 
	Parameter C_SAMPLE_FREQ bound to: 1 - type: integer 
	Parameter C_CLK_FREQ bound to: 20 - type: integer 
	Parameter C_USE_STREAMING_INTERFACE bound to: 1 - type: integer 
	Parameter C_FAMILY bound to: zynq - type: string 
	Parameter C_XDEVICEFAMILY bound to: zynq - type: string 
	Parameter C_C1 bound to: 32 - type: integer 
	Parameter C_C2 bound to: 32 - type: integer 
	Parameter C_C3 bound to: 32 - type: integer 
	Parameter C_C4 bound to: 32 - type: integer 
	Parameter C_C5 bound to: 32 - type: integer 
	Parameter C_C6 bound to: 0 - type: integer 
	Parameter C_I1 bound to: 32 - type: integer 
	Parameter C_I2 bound to: 32 - type: integer 
	Parameter C_I3 bound to: 32 - type: integer 
	Parameter C_I4 bound to: 32 - type: integer 
	Parameter C_I5 bound to: 32 - type: integer 
	Parameter C_I6 bound to: 0 - type: integer 
	Parameter C_S_AXIS_CONFIG_TDATA_WIDTH bound to: 1 - type: integer 
	Parameter C_S_AXIS_DATA_TDATA_WIDTH bound to: 8 - type: integer 
	Parameter C_M_AXIS_DATA_TDATA_WIDTH bound to: 32 - type: integer 
	Parameter C_M_AXIS_DATA_TUSER_WIDTH bound to: 1 - type: integer 
	Parameter C_HAS_DOUT_TREADY bound to: 0 - type: integer 
	Parameter C_HAS_ACLKEN bound to: 0 - type: integer 
	Parameter C_HAS_ARESETN bound to: 0 - type: integer 
INFO: [Synth 8-3491] module 'cic_compiler_v4_0_15' declared at 'c:/Users/soseb/Downloads/wetransfer_labs_2026-02-02_1352/PYNQ/boards/Pynq-Z1/base/myproj/project_1.gen/sources_1/bd/base/ip/base_pdm_microphone_0_2/ip/cic_compiler_0/hdl/cic_compiler_v4_0_vh_rfs.vhd:16133' bound to instance 'U0' of component 'cic_compiler_v4_0_15' [c:/Users/soseb/Downloads/wetransfer_labs_2026-02-02_1352/PYNQ/boards/Pynq-Z1/base/myproj/project_1.gen/sources_1/bd/base/ip/base_pdm_microphone_0_2/ip/cic_compiler_0/synth/cic_compiler_0.vhd:153]
INFO: [Synth 8-256] done synthesizing module 'cic_compiler_0' (10#1) [c:/Users/soseb/Downloads/wetransfer_labs_2026-02-02_1352/PYNQ/boards/Pynq-Z1/base/myproj/project_1.gen/sources_1/bd/base/ip/base_pdm_microphone_0_2/ip/cic_compiler_0/synth/cic_compiler_0.vhd:70]
INFO: [Synth 8-6155] done synthesizing module 'pdm_microphone' (11#1) [c:/Users/soseb/Downloads/wetransfer_labs_2026-02-02_1352/PYNQ/boards/Pynq-Z1/base/myproj/project_1.gen/sources_1/bd/base/ipshared/cf25/imports/Downloads/pdm_mic.v:3]
INFO: [Synth 8-6155] done synthesizing module 'base_pdm_microphone_0_2' (12#1) [c:/Users/soseb/Downloads/wetransfer_labs_2026-02-02_1352/PYNQ/boards/Pynq-Z1/base/myproj/project_1.gen/sources_1/bd/base/ip/base_pdm_microphone_0_2/synth/base_pdm_microphone_0_2.v:58]
---------------------------------------------------------------------------------
Finished RTL Elaboration : Time (s): cpu = 00:00:18 ; elapsed = 00:00:30 . Memory (MB): peak = 1002.801 ; gain = 0.000
---------------------------------------------------------------------------------
---------------------------------------------------------------------------------
Start Handling Custom Attributes
---------------------------------------------------------------------------------
---------------------------------------------------------------------------------
Finished Handling Custom Attributes : Time (s): cpu = 00:00:20 ; elapsed = 00:00:31 . Memory (MB): peak = 1002.801 ; gain = 0.000
---------------------------------------------------------------------------------
---------------------------------------------------------------------------------
Finished RTL Optimization Phase 1 : Time (s): cpu = 00:00:20 ; elapsed = 00:00:31 . Memory (MB): peak = 1002.801 ; gain = 0.000
---------------------------------------------------------------------------------
Netlist sorting complete. Time (s): cpu = 00:00:00 ; elapsed = 00:00:00.043 . Memory (MB): peak = 1002.801 ; gain = 0.000
INFO: [Netlist 29-17] Analyzing 2 Unisim elements for replacement
INFO: [Netlist 29-28] Unisim Transformation completed in 0 CPU seconds
INFO: [Project 1-570] Preparing netlist for logic optimization

Processing XDC Constraints
Initializing timing engine
Parsing XDC File [C:/Users/soseb/Downloads/wetransfer_labs_2026-02-02_1352/PYNQ/boards/Pynq-Z1/base/myproj/project_1.runs/base_pdm_microphone_0_2_synth_1/dont_touch.xdc]
Finished Parsing XDC File [C:/Users/soseb/Downloads/wetransfer_labs_2026-02-02_1352/PYNQ/boards/Pynq-Z1/base/myproj/project_1.runs/base_pdm_microphone_0_2_synth_1/dont_touch.xdc]
Completed Processing XDC Constraints

Netlist sorting complete. Time (s): cpu = 00:00:00 ; elapsed = 00:00:00.001 . Memory (MB): peak = 1002.801 ; gain = 0.000
INFO: [Project 1-111] Unisim Transformation Summary:
No Unisim elements were transformed.

Constraint Validation Runtime : Time (s): cpu = 00:00:00 ; elapsed = 00:00:00.052 . Memory (MB): peak = 1002.801 ; gain = 0.000
---------------------------------------------------------------------------------
Finished Constraint Validation : Time (s): cpu = 00:00:34 ; elapsed = 00:00:47 . Memory (MB): peak = 1002.801 ; gain = 0.000
---------------------------------------------------------------------------------
---------------------------------------------------------------------------------
Start Loading Part and Timing Information
---------------------------------------------------------------------------------
Loading part: xc7z020clg400-1
---------------------------------------------------------------------------------
Finished Loading Part and Timing Information : Time (s): cpu = 00:00:34 ; elapsed = 00:00:47 . Memory (MB): peak = 1002.801 ; gain = 0.000
---------------------------------------------------------------------------------
---------------------------------------------------------------------------------
Start Applying 'set_property' XDC Constraints
---------------------------------------------------------------------------------
Applied set_property KEEP_HIERARCHY = SOFT for inst/cic_compiler. (constraint file  auto generated constraint).
---------------------------------------------------------------------------------
Finished applying 'set_property' XDC Constraints : Time (s): cpu = 00:00:34 ; elapsed = 00:00:47 . Memory (MB): peak = 1002.801 ; gain = 0.000
---------------------------------------------------------------------------------
---------------------------------------------------------------------------------
Finished RTL Optimization Phase 2 : Time (s): cpu = 00:00:35 ; elapsed = 00:00:48 . Memory (MB): peak = 1002.801 ; gain = 0.000
---------------------------------------------------------------------------------
INFO: [Synth 8-223] decloning instance 'inst/cic_compiler/U0/i_synth/decimator.decimation_filter/comb/gen_stages[0].gen_folded.int_comb_stage/gen_split_accum[0].gen_comb_mem_src.gen_en_dly' (delay_bit__parameterized0) to 'inst/cic_compiler/U0/i_synth/decimator.decimation_filter/comb/gen_stages[0].gen_folded.int_comb_stage/gen_split_accum[0].gen_mem_we'
---------------------------------------------------------------------------------
Start RTL Component Statistics 
---------------------------------------------------------------------------------
---------------------------------------------------------------------------------
Finished RTL Component Statistics 
---------------------------------------------------------------------------------
---------------------------------------------------------------------------------
Start Part Resource Summary
---------------------------------------------------------------------------------
Part Resources:
DSPs: 220 (col length:60)
BRAMs: 280 (col length: RAMB18 60 RAMB36 30)
---------------------------------------------------------------------------------
Finished Part Resource Summary
---------------------------------------------------------------------------------
---------------------------------------------------------------------------------
Start Cross Boundary and Area Optimization
---------------------------------------------------------------------------------
---------------------------------------------------------------------------------
Finished Cross Boundary and Area Optimization : Time (s): cpu = 00:00:39 ; elapsed = 00:00:52 . Memory (MB): peak = 1002.801 ; gain = 0.000
---------------------------------------------------------------------------------
---------------------------------------------------------------------------------
Start Applying XDC Timing Constraints
---------------------------------------------------------------------------------
---------------------------------------------------------------------------------
Finished Applying XDC Timing Constraints : Time (s): cpu = 00:00:59 ; elapsed = 00:01:13 . Memory (MB): peak = 1051.133 ; gain = 48.332
---------------------------------------------------------------------------------
---------------------------------------------------------------------------------
Start Timing Optimization
---------------------------------------------------------------------------------
---------------------------------------------------------------------------------
Finished Timing Optimization : Time (s): cpu = 00:00:59 ; elapsed = 00:01:13 . Memory (MB): peak = 1051.508 ; gain = 48.707
---------------------------------------------------------------------------------
---------------------------------------------------------------------------------
Start Technology Mapping
---------------------------------------------------------------------------------
---------------------------------------------------------------------------------
Finished Technology Mapping : Time (s): cpu = 00:00:59 ; elapsed = 00:01:14 . Memory (MB): peak = 1070.621 ; gain = 67.820
---------------------------------------------------------------------------------
---------------------------------------------------------------------------------
Start IO Insertion
---------------------------------------------------------------------------------
---------------------------------------------------------------------------------
Start Flattening Before IO Insertion
---------------------------------------------------------------------------------
---------------------------------------------------------------------------------
Finished Flattening Before IO Insertion
---------------------------------------------------------------------------------
---------------------------------------------------------------------------------
Start Final Netlist Cleanup
---------------------------------------------------------------------------------
---------------------------------------------------------------------------------
Finished Final Netlist Cleanup
---------------------------------------------------------------------------------
---------------------------------------------------------------------------------
Finished IO Insertion : Time (s): cpu = 00:01:06 ; elapsed = 00:01:20 . Memory (MB): peak = 1077.352 ; gain = 74.551
---------------------------------------------------------------------------------
---------------------------------------------------------------------------------
Start Renaming Generated Instances
---------------------------------------------------------------------------------
---------------------------------------------------------------------------------
Finished Renaming Generated Instances : Time (s): cpu = 00:01:06 ; elapsed = 00:01:20 . Memory (MB): peak = 1077.352 ; gain = 74.551
---------------------------------------------------------------------------------
---------------------------------------------------------------------------------
Start Rebuilding User Hierarchy
---------------------------------------------------------------------------------
---------------------------------------------------------------------------------
Finished Rebuilding User Hierarchy : Time (s): cpu = 00:01:06 ; elapsed = 00:01:20 . Memory (MB): peak = 1077.352 ; gain = 74.551
---------------------------------------------------------------------------------
---------------------------------------------------------------------------------
Start Renaming Generated Ports
---------------------------------------------------------------------------------
---------------------------------------------------------------------------------
Finished Renaming Generated Ports : Time (s): cpu = 00:01:06 ; elapsed = 00:01:20 . Memory (MB): peak = 1077.352 ; gain = 74.551
---------------------------------------------------------------------------------
---------------------------------------------------------------------------------
Start Handling Custom Attributes
---------------------------------------------------------------------------------
---------------------------------------------------------------------------------
Finished Handling Custom Attributes : Time (s): cpu = 00:01:06 ; elapsed = 00:01:20 . Memory (MB): peak = 1077.352 ; gain = 74.551
---------------------------------------------------------------------------------
---------------------------------------------------------------------------------
Start Renaming Generated Nets
---------------------------------------------------------------------------------
---------------------------------------------------------------------------------
Finished Renaming Generated Nets : Time (s): cpu = 00:01:06 ; elapsed = 00:01:20 . Memory (MB): peak = 1077.352 ; gain = 74.551
---------------------------------------------------------------------------------
---------------------------------------------------------------------------------
Start Writing Synthesis Report
---------------------------------------------------------------------------------

Report BlackBoxes: 
+-+--------------+----------+
| |BlackBox name |Instances |
+-+--------------+----------+
+-+--------------+----------+

Report Cell Usage: 
+------+--------+------+
|      |Cell    |Count |
+------+--------+------+
|1     |DSP48E1 |     2|
|2     |LUT1    |     1|
|3     |LUT2    |    12|
|4     |LUT3    |    39|
|5     |LUT4    |    12|
|6     |LUT5    |     9|
|7     |LUT6    |    16|
|8     |SRL16E  |   101|
|9     |FDRE    |   250|
|10    |FDSE    |     1|
+------+--------+------+
---------------------------------------------------------------------------------
Finished Writing Synthesis Report : Time (s): cpu = 00:01:06 ; elapsed = 00:01:20 . Memory (MB): peak = 1077.352 ; gain = 74.551
---------------------------------------------------------------------------------
Synthesis finished with 0 errors, 0 critical warnings and 0 warnings.
Synthesis Optimization Runtime : Time (s): cpu = 00:00:42 ; elapsed = 00:01:15 . Memory (MB): peak = 1077.352 ; gain = 74.551
Synthesis Optimization Complete : Time (s): cpu = 00:01:06 ; elapsed = 00:01:20 . Memory (MB): peak = 1077.352 ; gain = 74.551
INFO: [Project 1-571] Translating synthesized netlist
Netlist sorting complete. Time (s): cpu = 00:00:00 ; elapsed = 00:00:00.027 . Memory (MB): peak = 1077.352 ; gain = 0.000
INFO: [Netlist 29-17] Analyzing 2 Unisim elements for replacement
INFO: [Netlist 29-28] Unisim Transformation completed in 0 CPU seconds
INFO: [Project 1-570] Preparing netlist for logic optimization
INFO: [Opt 31-138] Pushed 0 inverter(s) to 0 load pin(s).
Netlist sorting complete. Time (s): cpu = 00:00:00 ; elapsed = 00:00:00 . Memory (MB): peak = 1077.352 ; gain = 0.000
INFO: [Project 1-111] Unisim Transformation Summary:
No Unisim elements were transformed.

INFO: [Common 17-83] Releasing license: Synthesis
30 Infos, 2 Warnings, 0 Critical Warnings and 0 Errors encountered.
synth_design completed successfully
synth_design: Time (s): cpu = 00:01:18 ; elapsed = 00:01:37 . Memory (MB): peak = 1077.352 ; gain = 74.551
INFO: [Common 17-1381] The checkpoint 'C:/Users/soseb/Downloads/wetransfer_labs_2026-02-02_1352/PYNQ/boards/Pynq-Z1/base/myproj/project_1.runs/base_pdm_microphone_0_2_synth_1/base_pdm_microphone_0_2.dcp' has been generated.
WARNING: [Common 17-576] 'use_project_ipc' is deprecated. This option is deprecated and no longer used.
INFO: [Coretcl 2-1648] Added synthesis output to IP cache for IP base_pdm_microphone_0_2, cache-ID = ef86659df22ab6d1
INFO: [Coretcl 2-1174] Renamed 22 cell refs.
INFO: [Common 17-1381] The checkpoint 'C:/Users/soseb/Downloads/wetransfer_labs_2026-02-02_1352/PYNQ/boards/Pynq-Z1/base/myproj/project_1.runs/base_pdm_microphone_0_2_synth_1/base_pdm_microphone_0_2.dcp' has been generated.
INFO: [runtcl-4] Executing : report_utilization -file base_pdm_microphone_0_2_utilization_synth.rpt -pb base_pdm_microphone_0_2_utilization_synth.pb
INFO: [Common 17-206] Exiting Vivado at Mon Feb  2 15:56:59 2026...
